mode: count
genytest/example/example.go:3.34,4.17 1 9
genytest/example/example.go:4.17,6.3 1 2
genytest/example/example.go:7.2,7.29 1 7
genytest/example/example.go:7.29,9.3 1 2
genytest/example/example.go:10.2,10.10 1 5
