TestBla


- id: "0"
  input: 1
  output: 0

- id: "1"
  input: 4
  output: 0

- id: "2"
  input: 6
  output: 5

- id: "3"
  input: 5
  output: 5

- id: "4"
  input: 15
  output: 10

- id: "5"
  input: 9
  output: 5

- id: "6"
  input: 10
  output: 10
